// Jest Snapshot v1, https://goo.gl/fbAQLP

exports[`<Form /> matches saved snapshot 1`] = `
<form
  data-testid="addUserForm"
>
  <h2>
    Request Information
  </h2>
  <input
    data-testid="name"
    onChange={[Function]}
    placeholder="Name"
    type="text"
    value=""
  />
  <input
    data-testid="number"
    onChange={[Function]}
    placeholder="number"
    type="number"
    value=""
  />
  <input
    data-testid="email"
    onChange={[Function]}
    placeholder="email"
    type="email"
    value=""
  />
  <label>
    <input
      checked={true}
      data-testid="checked"
      name="checked"
      onChange={[Function]}
      type="checkbox"
    />
    <p
      className="promotions"
      data-testid="promotionsP"
    >
      Receive Promotions
    </p>
  </label>
  <button
    data-testid="submitButton"
    type="submit"
  >
    Submit
  </button>
</form>
`;
